../Core/Src/main.c:65:6:HAL_GPIO_EXTI_Callback	16	static
../Core/Src/main.c:107:6:heartbeat	8	static
../Core/Src/main.c:116:6:turn_signal_left	8	static
../Core/Src/main.c:130:6:turn_signal_right	8	static
../Core/Src/main.c:144:6:stationary	8	static
../Core/Src/main.c:168:5:main	8	static
../Core/Src/main.c:216:6:SystemClock_Config	96	static
../Core/Src/main.c:261:13:MX_USART2_UART_Init	8	static
../Core/Src/main.c:296:13:MX_GPIO_Init	40	static
../Core/Src/main.c:360:6:Error_Handler	4	static,ignoring_inline_asm
