../Core/Src/main.c:68:6:HAL_GPIO_EXTI_Callback	16	static
../Core/Src/main.c:117:6:heartbeat	8	static
../Core/Src/main.c:126:6:turn_signal_left	8	static
../Core/Src/main.c:142:6:turn_signal_right	8	static
../Core/Src/main.c:158:6:stationary	8	static
../Core/Src/main.c:184:5:main	8	static
../Core/Src/main.c:232:6:SystemClock_Config	96	static
../Core/Src/main.c:277:13:MX_USART2_UART_Init	8	static
../Core/Src/main.c:312:13:MX_GPIO_Init	40	static
../Core/Src/main.c:376:6:Error_Handler	4	static,ignoring_inline_asm
